// Jest Snapshot v1, https://goo.gl/fbAQLP

exports[`ProfileModal component matches snapshot 1`] = `
<DocumentFragment>
  <div
    class="flex flex-col items-center gap-y-4 mb-5"
  >
    <div
      class="flex items-center gap-x-6"
    >
      <img
        alt="avatar"
        class="w-20 h-20"
        src="profile-holder.png"
      />
      <div>
        <h3
          class="text-2xl font-light"
        >
           
        </h3>
        <p
          class="font-light text-sm text-dusty-grey"
        >
          47 sightings
        </p>
      </div>
    </div>
    <div
      class="items-start my-4"
    >
      <div
        class="mb-3"
      >
        <label
          class="text-dusty-grey text-xs mb-4"
        >
          First Name
        </label>
        <h5
          class="text-lg"
        />
      </div>
      <div
        class="mb-3"
      >
        <label
          class="text-dusty-grey text-xs mb-4"
        >
          Last Name
        </label>
        <h5
          class="text-lg"
        />
      </div>
      <div
        class="mb-3"
      >
        <label
          class="text-dusty-grey text-xs mb-4"
        >
          Date of Birth
        </label>
        <h5
          class="text-lg"
        >
          May 20, 1980
        </h5>
      </div>
      <div
        class="mb-3"
      >
        <label
          class="text-dusty-grey text-xs mb-4"
        >
          Email Address
        </label>
        <h5
          class="text-lg"
        >
          michael.berry@gmail
        </h5>
      </div>
    </div>
    <button
      class="text-sm font-medium bg-soft-pink-gradient text-white shadow-soft-pink py-3 px-5 rounded px-8"
      type="button"
    >
      Logout
    </button>
  </div>
</DocumentFragment>
`;
